// Jest Snapshot v1, https://goo.gl/fbAQLP

exports[`renders correctly 1`] = `
Array [
  <div
    className="comp-layout-block"
    style={
      Object {
        "borderBottom": "none",
        "paddingBottom": "16px",
      }
    }
  >
    <h3
      className="layout-block-title"
    >
      公司信息
    </h3>
    <div
      className="layout-block-content"
    >
      <div
        className="comp-info-card"
      >
        <div
          className="info-body"
        >
          <h3
            className="info-title"
          >
            alex
          </h3>
          <div
            className="comp-info-block"
          >
            <div
              className="info-row"
            >
              <div
                className="info-item"
              >
                <label
                  className="info-item-label"
                >
                  部门
                </label>
                <div
                  className="info-item-content"
                >
                  test
                </div>
              </div>
              <div
                className="info-item"
              >
                <label
                  className="info-item-label"
                >
                  座机电话
                </label>
                <div
                  className="info-item-content"
                >
                  222
                </div>
              </div>
            </div>
            <div
              className="info-row"
            >
              <div
                className="info-item"
              >
                <label
                  className="info-item-label"
                >
                  国家/省份/城市
                </label>
                <div
                  className="info-item-content"
                >
                  中国／上海／sh
                </div>
              </div>
              <div
                className="info-item"
              >
                <label
                  className="info-item-label"
                >
                  地址
                </label>
                <div
                  className="info-item-content"
                >
                  address
                </div>
              </div>
            </div>
            <div
              className="info-row"
            >
              <div
                className="info-item"
              >
                <label
                  className="info-item-label"
                >
                  邮编
                </label>
                <div
                  className="info-item-content"
                >
                  200000
                </div>
              </div>
            </div>
          </div>
        </div>
      </div>
    </div>
  </div>,
  <div
    className="comp-layout-block"
  >
    <h3
      className="layout-block-title"
    >
      联系人（授权代表）信息
    </h3>
    <div
      className="layout-block-content"
    >
      <div
        className="comp-info-card"
      >
        <div
          className="info-body"
        >
          <h3
            className="info-title"
          >
            Lee ll
          </h3>
          <div
            className="comp-info-block"
          >
            <div
              className="info-row"
            >
              <div
                className="info-item"
              >
                <label
                  className="info-item-label"
                >
                  职位
                </label>
                <div
                  className="info-item-content"
                >
                  QA
                </div>
              </div>
              <div
                className="info-item"
              >
                <label
                  className="info-item-label"
                >
                  电话
                </label>
                <div
                  className="info-item-content"
                >
                  123
                </div>
              </div>
            </div>
            <div
              className="info-row"
            >
              <div
                className="info-item"
              >
                <label
                  className="info-item-label"
                >
                  邮箱
                </label>
                <div
                  className="info-item-content"
                >
                  a@b.c
                </div>
              </div>
            </div>
          </div>
        </div>
      </div>
    </div>
  </div>,
]
`;
