// Jest Snapshot v1, https://goo.gl/fbAQLP

exports[`renders correctly 1`] = `
<div
  className="domain-response-header-input-wrapper"
>
  <table
    className="respheader-table"
  >
    <thead>
      <tr>
        <th>
          HTTP 响应头
        </th>
        <th>
          响应头操作
        </th>
        <th>
          值
        </th>
        <th />
      </tr>
    </thead>
    <tbody>
      <tr
        className="sources-table-line"
      >
        <td
          className="sources-table-grid-key"
        >
          <div
            className="ant-select ant-select-enabled"
            onBlur={[Function]}
            onClick={[Function]}
            onFocus={[Function]}
            onMouseDown={[Function]}
            onMouseOut={[Function]}
            onMouseUp={[Function]}
            onTouchStart={[Function]}
          >
            <div
              aria-autocomplete="list"
              aria-controls="test-uuid"
              aria-expanded={false}
              aria-haspopup="true"
              className="ant-select-selection
            ant-select-selection--single"
              onKeyDown={[Function]}
              role="combobox"
              tabIndex={0}
            >
              <div
                className="ant-select-selection__rendered"
              >
                <div
                  className="ant-select-selection__placeholder"
                  onClick={[Function]}
                  onMouseDown={[Function]}
                  style={
                    Object {
                      "WebkitUserSelect": "none",
                      "display": "none",
                      "userSelect": "none",
                    }
                  }
                  unselectable="on"
                >
                  请选择 HTTP 响应头
                </div>
                <div
                  className="ant-select-selection-selected-value"
                  style={
                    Object {
                      "display": "block",
                      "opacity": 1,
                    }
                  }
                  title="Content-Language"
                >
                  Content-Language
                </div>
              </div>
              <span
                className="ant-select-arrow"
                onClick={[Function]}
                style={
                  Object {
                    "WebkitUserSelect": "none",
                    "userSelect": "none",
                  }
                }
                unselectable="on"
              >
                <i
                  aria-label="icon: down"
                  className="anticon anticon-down ant-select-arrow-icon"
                >
                  <svg
                    aria-hidden="true"
                    className=""
                    data-icon="down"
                    fill="currentColor"
                    focusable="false"
                    height="1em"
                    viewBox="64 64 896 896"
                    width="1em"
                  >
                    <path
                      d="M884 256h-75c-5.1 0-9.9 2.5-12.9 6.6L512 654.2 227.9 262.6c-3-4.1-7.8-6.6-12.9-6.6h-75c-6.5 0-10.3 7.4-6.5 12.7l352.6 486.1c12.8 17.6 39 17.6 51.7 0l352.6-486.1c3.9-5.3.1-12.7-6.4-12.7z"
                    />
                  </svg>
                </i>
              </span>
            </div>
          </div>
        </td>
        <td
          className="sources-table-grid-op"
        >
          <div
            className="ant-select ant-select-enabled"
            onBlur={[Function]}
            onClick={[Function]}
            onFocus={[Function]}
            onMouseDown={[Function]}
            onMouseOut={[Function]}
            onMouseUp={[Function]}
            onTouchStart={[Function]}
          >
            <div
              aria-autocomplete="list"
              aria-controls="test-uuid"
              aria-expanded={false}
              aria-haspopup="true"
              className="ant-select-selection
            ant-select-selection--single"
              onKeyDown={[Function]}
              role="combobox"
              tabIndex={0}
            >
              <div
                className="ant-select-selection__rendered"
              >
                <div
                  className="ant-select-selection__placeholder"
                  onClick={[Function]}
                  onMouseDown={[Function]}
                  style={
                    Object {
                      "WebkitUserSelect": "none",
                      "display": "none",
                      "userSelect": "none",
                    }
                  }
                  unselectable="on"
                >
                  请选择操作
                </div>
                <div
                  className="ant-select-selection-selected-value"
                  style={
                    Object {
                      "display": "block",
                      "opacity": 1,
                    }
                  }
                  title="设置"
                >
                  设置
                </div>
              </div>
              <span
                className="ant-select-arrow"
                onClick={[Function]}
                style={
                  Object {
                    "WebkitUserSelect": "none",
                    "userSelect": "none",
                  }
                }
                unselectable="on"
              >
                <i
                  aria-label="icon: down"
                  className="anticon anticon-down ant-select-arrow-icon"
                >
                  <svg
                    aria-hidden="true"
                    className=""
                    data-icon="down"
                    fill="currentColor"
                    focusable="false"
                    height="1em"
                    viewBox="64 64 896 896"
                    width="1em"
                  >
                    <path
                      d="M884 256h-75c-5.1 0-9.9 2.5-12.9 6.6L512 654.2 227.9 262.6c-3-4.1-7.8-6.6-12.9-6.6h-75c-6.5 0-10.3 7.4-6.5 12.7l352.6 486.1c12.8 17.6 39 17.6 51.7 0l352.6-486.1c3.9-5.3.1-12.7-6.4-12.7z"
                    />
                  </svg>
                </i>
              </span>
            </div>
          </div>
        </td>
        <td
          className="sources-table-grid-value"
        >
          <input
            className="ant-input"
            disabled={false}
            onChange={[Function]}
            onKeyDown={[Function]}
            placeholder="请输入对应值, 区分大小写"
            type="text"
            value="zh-CN"
          />
        </td>
        <td
          className="sources-table-grid-operation"
        >
          <i
            aria-label="icon: minus-circle"
            className="anticon anticon-minus-circle icon-remove"
            onClick={[Function]}
            onMouseDown={[Function]}
            onTouchStart={[Function]}
            tabIndex={-1}
          >
            <svg
              aria-hidden="true"
              className=""
              data-icon="minus-circle"
              fill="currentColor"
              focusable="false"
              height="1em"
              viewBox="64 64 896 896"
              width="1em"
            >
              <path
                d="M696 480H328c-4.4 0-8 3.6-8 8v48c0 4.4 3.6 8 8 8h368c4.4 0 8-3.6 8-8v-48c0-4.4-3.6-8-8-8z"
              />
              <path
                d="M512 64C264.6 64 64 264.6 64 512s200.6 448 448 448 448-200.6 448-448S759.4 64 512 64zm0 820c-205.4 0-372-166.6-372-372s166.6-372 372-372 372 166.6 372 372-166.6 372-372 372z"
              />
            </svg>
          </i>
        </td>
        <td />
      </tr>
    </tbody>
  </table>
  <button
    className="ant-btn add-tag ant-btn-dashed"
    disabled={false}
    onClick={[Function]}
    type="button"
  >
    <i
      aria-label="icon: plus"
      className="anticon anticon-plus"
    >
      <svg
        aria-hidden="true"
        className=""
        data-icon="plus"
        fill="currentColor"
        focusable="false"
        height="1em"
        viewBox="64 64 896 896"
        width="1em"
      >
        <path
          d="M482 152h60q8 0 8 8v704q0 8-8 8h-60q-8 0-8-8V160q0-8 8-8z"
        />
        <path
          d="M176 474h672q8 0 8 8v60q0 8-8 8H176q-8 0-8-8v-60q0-8 8-8z"
        />
      </svg>
    </i>
    <span>
      添加
    </span>
  </button>
</div>
`;
