// Jest Snapshot v1, https://goo.gl/fbAQLP

exports[`render result should match snapshot 1`] = `
<div
  className="comp-hello"
>
  <p>
    你好，anonymous
  </p>
  <strong>
    kodo
  </strong>
  <p>
    <a
      className="comp-router-link"
      href="/foo"
      onClick={[Function]}
    >
      foo
    </a>
  </p>
  <p>
    <a
      className="comp-router-link"
      href=".."
      onClick={[Function]}
    >
      bar
    </a>
  </p>
</div>
`;
